
Will write log file to "probe_properties.md.log".

Command line:  /home/henrique/bin/orca611/orca_md -orca probe_properties

-------------------------------------------------------------------------------------------


     _____    ___    _   _       _                  ______ ______  _____   ___  
    /  ___|  / _ \  | \ | |     | |           _    /  __  \| ___ \/  __ \ / _ \ 
    \ `--.  / /_\ \ |  \| |   __| | _   _   _| |_  | |  | || |_/ /| /  \// /_\ \
     `--. \ |  _  | | . ` |  / _` || | | | |_   _| | |  | ||    / | |    |  _  |
    /\__/ / | | | | | |\  | | (_| || |_| |   |_|   | \__/ || |\ \ | \__/\| | | |
    \____/  \_| |_/ \_| \_/  \__,_| \__, |          \____/ \_| \_| \____/\_| |_/
                                     __/ |                                      
                                    |___/                                       


    ####################################################################
    ########     Scriptable Nuclear Dynamics (SANdy) + ORCA     ########
    ########           (c) Martin Brehm, 2016 - 2025            ########
    ########           Paderborn University, Germany            ########
    ########           https://sanscript.org/orcamd             ########
    ####################################################################


  * Compiled as ORCA module. Called from ORCA.
  * ORCA base name: "probe_properties"
  * Source code version: Jun 07 2025, compiled at Nov 24 2025 07:23:22.
  * Enabled features: SAN_MD, SAN_INTERPRETER
  * Libraries: KISS_FFT, LBFGSBC
  * Executable name: "/home/henrique/bin/orca611/orca_md"
  * Messages are redirected, Errors are redirected, Output is redirected, Input is redirected
  * Running on NotebookAW at Tue Oct  6 08:56:46 2026 (PID 95317)
  * Running in /home/henrique/aimd-workshop/cell-20261006/probe_properties

    -----------------------------------------------

    Technical information:

  * Compiler:      LLVM, CLANG 20.1.6, "Clang 20.1.6 (/home/frankw/CompEnv/src/llvm2016/llvm-project/clang 47addd4540b4c393e478ba92bea2589e330c57fb)", Linux, __cplusplus=201103L
  * Compile host:  x86_64, Little Endian, char=8bits, int=4b, long=8b, ll=8b, addr=8b, 0x01020304=4,3,2,1.
  * Class sizes:   InputElem=248, ValuePair=112, Type=96, Value=8, VMToken=8, VMInst=8
  * Compile flags: MMX, SSE, SSE2, SSE3, SSSE3, SSE4.1, SSE4.2, POPCNT, FMA3, AVX, AVX2
  * Local machine: Intel(R) Core(TM) Ultra 9 185H (GenuineIntel), Family 6, Model 170, Stepping 4
                   1 CPU, 11 cores, 22 threads,  Uptime 1h 59m 29s
                   MMX, SSE, SSE2, SSE3, SSSE3, SSE4.1, SSE4.2, POPCNT, AES, FMA3, AVX, AVX2, SHA
                   Caches: 11x L1d (528 KiB), 11x L1i (704 KiB), 11x L2 (22 MiB), 1x L3 (24 MiB)
  * Op. System:    Ubuntu 24.04.4 LTS, Linux version 6.18.33.2-microsoft-standard-WSL2 
  * Phys. Memory:  15.38 GiB total,  14.33 GiB free
  * Stack size:    8.00 MiB


The following libraries are included:

  * KISS FFT,   Version 131.1.0 (02/2021), License: BSD 3-clause
      (c) 2003-2010 Mark Borgerding, see https://github.com/mborgerding/kissfft

  * L-BFGS-B-C, Version 3.0 (04/2011),     License: BSD 3-clause
      (c) Stephen Becker, see https://github.com/stephenbeckr/L-BFGS-B-C

  * MT19937 Pseudo Random Number Gen.,     License: Custom (permissive)
      (c) 1997-2005 Makoto Matsumoto, Takuji Nishimura, Mutsuo Saito, see https://github.com/clibs/mt19937ar


Initializing SAN engine...
  24 physical quantities and 49 units added.
  Initialized SAN language:
    97 operators, 57 keywords, 4 namespaces, 35 types, 183 flags
Done.


>>> Reading Input File >>>

Reading input file "probe_properties.mdinput" ...
  413 bytes read.
  11 lines.
Tokenizing input...
Found 61 tokens in file.
  ( 35 identifiers,  18 numeric literals,  4 string literals,  
     4 operators )
Line endings are uniform: 11 x \n

<<< Finished Reading Input File (took 0.000 seconds) <<<


Using the following settings:
  Interpret:              true
  Execution:              SAN-VM
  Parser verbose level:   1
  Execute verbose level:  2
  Syntax highlighting:    0
  Static vars:            false
  Dynamic types:          true
  Max. recursion depth:   200
  Max. nesting depth:     1000
  Max. argument count:    100
  Only parse:             false


>>> Parsing Input Script >>>

Handled 6 underscore identifiers.
Handling module imports...
  Importing module "Math" to global namespace.
  Importing module "MD" to global namespace.
Handled 2 module imports.
Handled 4 operators.
Grouped 2 commas.
Removed 2 commas.
Handled 22 variable occurrences.
Assigned 12 identifiers.
Handling functions,      iteration  1...
                         iteration  2...
                         iteration  3...
Handling "FOR" loops...
Handling AutoDecl,       iteration  1...
No auto declarations.
Assigned 17 flags, re-doing function handling...
Handling functions ( 2), iteration  1...
  Moving "Void" argument 2 ("Thermostat") of function "Initvel" up 1 levels to "ROOT".
                         iteration  2...
Handling "FOR" loops...
Handling AutoDecl,       iteration  1...
No auto declarations.
Handling functions, final pass...
  Moving "Void" argument 13 ("Dump") of function "Cell" up 1 levels to "ROOT".
Function handling done (2 macro-iterations, 0.002 seconds).
Handling keywords,       iteration  1...
Prepared 11 argument lists.
Assigned 40 read-only flags.
Assigned 53 simple VP flags.
Assigned 52 tree IDs.

Warning: The "Cell" command has been renamed to "Walls". Please adapt your input.
In probe_properties.mdinput:5:
     Cell Sphere 0, 0, 0, 3_A Spring 10 Elastic 5_fs, 0.001 Pressure 1000
     ^^^^


<<< Finished Parsing Input Script (took 0.002 seconds) <<<


SAN-VM: Compiling...
  Optimization level: Not specified. Using default ("-O2").
Done (took 0.000 seconds).


  Part              # Tokens    # Registers    # Shortcuts    # Optimizations
  ---------------------------------------------------------------------------
  Main Program            68              0              0                  0


-------------------------------------------------------------------------------------------

>>> Initializing MD engine with interface "ORCA" >>>



>>>>>>>>>>>>>>>>>>>>>>>>>>>>>>>>>>>>>>>>>>>>>>>>>>>>
>>>   Output of System Information (from ORCA)   >>>
>>>>>>>>>>>>>>>>>>>>>>>>>>>>>>>>>>>>>>>>>>>>>>>>>>>>

(the output of geometry and basis set information is missing in the MD log file,
 as it is written to the screen directly by ORCA.)

############################################
   Total Atom Count:               3
   Total System Mass:         18.015 a.m.u.
   Total Basis Dimension:          0
   Total Electron Number:          0
   Total Charge:                   0
   Total Multiplicity:             1
  ------------------------------------------
   ReducePrint:                 true
   Print Mulliken Pop:             1
   Print Loewdin Pop:              1
   Print Mayer Pop:                1
   Print Orbital Energies:         1
############################################

<<<<<<<<<<<<<<<<<<<<<<<<<<<<<<<<<<<<<<<<<<<<<<<<<<<<
<<<          End of System Information           <<<
<<<<<<<<<<<<<<<<<<<<<<<<<<<<<<<<<<<<<<<<<<<<<<<<<<<<


Initializing regions...

Defined regions:
         All:     3 atoms,     18.015 a.m.u.
          QM:   All
      Active:   All



### System Geometry ###

  * Region "All" = "Active" = "QM":
      Bounding box: from (   -0.000 |   -0.763 |   -0.074 )
                      to (    0.000 |    0.763 |    0.511 ) Angstrom
      System extent:     (    0.000 |    1.527 |    0.584 ) Angstrom
      Center of mass:    (   -0.000 |   -0.000 |   -0.008 ) Angstrom
      Total mass:            18.015 a.m.u.

      Moment of inertia: (         1.79 |         0.00 |        -0.00 )
                         (         0.00 |         0.61 |         0.00 ) a.m.u. Angstrom^2
                         (        -0.00 |         0.00 |         1.17 )
      Singular values:   (         1.79 |         1.17 |         0.61 ) a.m.u. Angstrom^2



Smallest interatomic distance from active region: 0.961275 Angstrom (atoms 0 - 1).


<<< MD engine initialization done (took 0.372 seconds) <<<


###############################################################
########        Executing Input Script (SAN-VM)        ########
###############################################################

Execution verbose level is 2.

-------------------------------------------------------------------------------------------



>>>>>> Timestep( 0.5_fs )

Setting integration time step to 0.50 fs.

The lightest element in the active region has an atomic mass of 1.008 a.m.u.
Recommending time step not larger than 0.50 .. 1.00 fs.
  --> choice seems reasonable


>>>>>> Randomize( 42 )

Initialized random number generator seed to 42.


>>>>>> Initvel( 300_K )

Old temperature of the total system is     0.000 K.

Initializing atom velocities for region "all" to 300.000 K:
  Creating Maxwell-Boltzmann distribution...
  Temperature after random initialization is 233.894 K.
  Rescaling velocities to match desired initial temperature (factor 1.132533)...
  Removing initial center of mass movement...
  Temperature after center of mass movement removal is 207.037 K.
  Removing initial angular velocity...
    Angular momentum before:  (   0.01202067 |  -0.00692739 |  -0.01537592 ) a.m.u. Angstrom^2 fs^-1
    Angular velocity before:  (   0.00673099 |  -0.01133448 |  -0.01308933 ) fs^-1
    Angular momentum after:   (  -0.00000000 |  -0.00000000 |  -0.00000000 ) a.m.u. Angstrom^2 fs^-1
    Angular velocity after:   (  -0.00000000 |  -0.00000000 |  -0.00000000 ) fs^-1
  Temperature after angular velocity removal is 158.836 K.
  Rescaling velocities to match desired initial temperature (factor 1.374316)...
Done.

New temperature of the total system is   300.000 K.


>>>>>> Thermostat( CSVR, 300_K, Timecon, 100_fs )

Switching on thermostat for region "All": Type CSVR, temperature 300.00 K, time constant 100.00 fs, global.


>>>>>> Cell( Sphere, 0, 0, 0, 3_A, Spring, 10, Elastic, 5_fs, 0.001, Pressure, 1000 )


Warning: The "Cell" command has been renamed to "Walls". Please adapt your input.
In probe_properties.mdinput:5:
     Cell Sphere 0, 0, 0, 3_A Spring 10 Elastic 5_fs, 0.001 Pressure 1000
     ^^^^


Note: In function func_Walls(): Found length value "0" without unit - assuming it is in Angstrom.
In probe_properties.mdinput:5:
     Cell Sphere 0, 0, 0, 3_A Spring 10 Elastic 5_fs, 0.001 Pressure 1000
                 ^


Note: In function func_Walls(): Found length value "0" without unit - assuming it is in Angstrom.
In probe_properties.mdinput:5:
     Cell Sphere 0, 0, 0, 3_A Spring 10 Elastic 5_fs, 0.001 Pressure 1000
                    ^


Note: In function func_Walls(): Found length value "0" without unit - assuming it is in Angstrom.
In probe_properties.mdinput:5:
     Cell Sphere 0, 0, 0, 3_A Spring 10 Elastic 5_fs, 0.001 Pressure 1000
                       ^

Switched on spherical wall with center ( 0.00 | 0.00 | 0.00 ) and radius 3.00 Angstrom.

Note: In function func_Walls(): Found spring constant value "10" without unit - assuming it is in kJ mol^-1 Angstrom^-2.
In probe_properties.mdinput:5:
     Cell Sphere 0, 0, 0, 3_A Spring 10 Elastic 5_fs, 0.001 Pressure 1000
                                     ^^

Set wall spring constant to 10.000 kJ mol^-1 Angstrom^-2.
Switched wall to elastic with t_avg = 5.0 fs and c_response = 0.00100 Angstrom bar^-1.

Note: In function func_Walls(): Found pressure value "1000" without unit - assuming it is in bar.
In probe_properties.mdinput:5:
     Cell Sphere 0, 0, 0, 3_A Spring 10 Elastic 5_fs, 0.001 Pressure 1000
                                                                     ^^^^

Set external wall pressure to 1000.00 bar (isotropic).


>>>>>> Dump( Position, Stride, 1, Filename, "probe_properties-traj.xyz" )

Modified writing position trajectory for region "all": Format XYZ, stride 1, filename "probe_properties-traj.xyz", append.


>>>>>> Dump( Velocity, Stride, 1, Filename, "probe_properties-vel.xyz" )

Switched on writing velocity trajectory for region "all": Format XYZ, stride 1, filename "probe_properties-vel.xyz", append.


>>>>>> Dump( Force, Stride, 1, Filename, "probe_properties-force.xyz" )

Switched on writing force trajectory for region "all": Format XYZ, stride 1, filename "probe_properties-force.xyz", append.


>>>>>> Dump( Properties, Stride, 1, Filename, "probe_properties-props" )


func_Dump(): Error: Unexpected value after "Stride".
In probe_properties.mdinput:9:
     Dump Properties Stride 1 Filename "probe_properties-props"
                              ^^^^^^^^


-------------------------------------------------------------------------------------------

Execution aborted by error.

    Total execution time: 0.000 seconds

            30 instructions executed
             9 function calls

orca_md aborted by error.

